<ConservStream: void groupBy1()>/r17 -> (1)objs: NewObj{<ConservStream: void groupBy1()>[0@L35] new Dep}
<ConservStream: void groupBy1()>/r21 -> (1)objs: NewObj{<ConservStream: void groupBy1()>[6@L38] new EmployeeWithDepart}
<ConservStream: void groupBy2()>/r20 -> (1)objs: NewObj{<ConservStream: void groupBy2()>[4@L62] new Dep}
<ConservStream: void fileIO()>/r5 -> (2)objs: NewObj{<java.lang.StringBuffer: java.lang.String toString()>[7@L671] new java.lang.String} |,| NewObj{<java.io.BufferedReader: java.lang.String readLine(boolean)>[58@L356] new java.lang.String}
<ConservStream: void customList2Stm()>/[Lambda-Mock-Arg-0]-{<ConservStream: void customList2Stm()>[19@L109] $r7 = invokedynamic <java.lang.invoke.LambdaMetafactory: java.lang.invoke.CallSite metafactory(java.lang.invoke.MethodHandles$Lookup,java.lang.String,java.lang.invoke.MethodType,java.lang.invoke.MethodType,java.lang.invoke.MethodHandle,java.lang.invoke.MethodType)> "accept" <MethodType: java.util.function.Consumer (java.io.PrintStream)>[MethodType: void (java.lang.Object),MethodHandle[REF_invokeVirtual]: <java.io.PrintStream: void println(java.lang.Object)>,MethodType: void (EmployeeWithDepart)]($r6)} -> (2)objs: NewObj{<ConservStream: void customList2Stm()>[6@L106] new EmployeeWithDepart} |,| NewObj{<ConservStream: void customList2Stm()>[11@L107] new EmployeeWithDepart}
<ConservStream: void customList2Stm()>/[Lambda-Mock-Arg-0]-{<ConservStream: void customList2Stm()>[34@L115] $r13 = invokedynamic <java.lang.invoke.LambdaMetafactory: java.lang.invoke.CallSite metafactory(java.lang.invoke.MethodHandles$Lookup,java.lang.String,java.lang.invoke.MethodType,java.lang.invoke.MethodType,java.lang.invoke.MethodHandle,java.lang.invoke.MethodType)> "accept" <MethodType: java.util.function.Consumer (java.io.PrintStream)>[MethodType: void (java.lang.Object),MethodHandle[REF_invokeVirtual]: <java.io.PrintStream: void println(java.lang.Object)>,MethodType: void (EmployeeWithDepart)]($r12)} -> (2)objs: NewObj{<ConservStream: void customList2Stm()>[23@L112] new EmployeeWithDepart} |,| NewObj{<ConservStream: void customList2Stm()>[27@L113] new EmployeeWithDepart}
