<benchmarks.App3_Str: void perform_task13(db.DB)>/r8 -> (7)objs: ConstantObj{java.lang.String: "medium forest blue ghost black"} |,| ConstantObj{java.lang.String: "medium lace midnight royal chartreuse"} |,| ConstantObj{java.lang.String: "navajo linen coral brown forest"} |,| ConstantObj{java.lang.String: "mint midnight puff forest peach"} |,| ConstantObj{java.lang.String: "purple drab puff peach tomato"} |,| ConstantObj{java.lang.String: "midnight misty royal floral brown"} |,| ConstantObj{java.lang.String: "lace drab wheat red tan"}
<benchmarks.App3_Str: void perform_task14(db.DB)>/r8 -> (3)objs: ConstantObj{java.lang.String: "firebrick ghost steel green chartreuse"} |,| ConstantObj{java.lang.String: "peach medium goldenrod cyan ghost"} |,| ConstantObj{java.lang.String: "burlywood peach papaya violet midnight"}
<benchmarks.App3_Str: void perform_task15(db.DB)>/r8 -> (2)objs: ConstantObj{java.lang.String: "pale cyan lawn medium smoke"} |,| ConstantObj{java.lang.String: "dim orange beige plum navy"}
<benchmarks.App3_Str: void perform_task16(db.DB)>/r8 -> (20)objs: ConstantObj{java.lang.String: "eposits. special pinto beans use fluffily across the furiously regular pinto beans. furiously regular epitaphs nag fluffily packages. special accounts a"} |,| ConstantObj{java.lang.String: "lly unusual accounts try to boost along the special packages. furiously bold requests x-ray blithely ironic waters. slyly unusual orbi"} |,| ConstantObj{java.lang.String: ", ironic foxes. blithely even foxes wake about the carefully special req"} |,| ConstantObj{java.lang.String: "nic foxes boost carefully careful packages: express, fluffy dolphins nag quickly ironic packages. slyly bold requests nag amon"} |,| ConstantObj{java.lang.String: "press deposits kindle theodolites! slyly final dependencies against the blithely final packages sleep slyly regular requests. theodolites cajole furiously quickly bold a"} |,| ConstantObj{java.lang.String: "ickly for the deposits. quickly pending deposits haggle ironically. slyly final instructions sleep carefully furiously regular attainments. furious"} |,| ConstantObj{java.lang.String: "ial requests. even theodolites haggle furiously. fluffily pending deposits boost blith"} |,| ConstantObj{java.lang.String: "y to wake at the packages. regular theodolites boost furiously furiously ironic r"} |,| ConstantObj{java.lang.String: "y. slyly unusual accounts x-ray blithely blithely regul"} |,| ConstantObj{java.lang.String: "old ideas. furiously final packages are furiously slyly express accounts. furiously final asymptotes wak"} |,| ConstantObj{java.lang.String: "n pains. regular deposits across the blithely even excuses are carefully bli"} |,| ConstantObj{java.lang.String: "lyly even accounts. ideas after the carefully pending deposits haggle after the quickly special pinto beans. carefully ironic accounts haggle furiously regular instructions. f"} |,| ConstantObj{java.lang.String: "nding warthogs. permanently final instructions thrash blithely along the fluffily special accounts? packages kindle ironically slyly express requests. "} |,| ConstantObj{java.lang.String: "ar excuses play carefully about the thinly regular accoun"} |,| ConstantObj{java.lang.String: "ully final deposits sleep furiously. quickly ironic deposits impress ruthlessly after the"} |,| ConstantObj{java.lang.String: "iously. packages after the slyly final accounts sleep among the quickly even in"} |,| ConstantObj{java.lang.String: "yly. regular pearls against the excuses sleep slyly blithely ironic theodolites. s"} |,| ConstantObj{java.lang.String: "old pinto beans sleep across the furiously quick foxes. asymptotes against the slyly regular multipliers wake bold pains. slyly regular"} |,| ConstantObj{java.lang.String: "l, final packages. carefully furious packages haggle across the dependencies. fluffily final accounts sleep furiously along the requests. un"} |,| ConstantObj{java.lang.String: " final deposits. quickly express requests above the ideas haggle blit"}
<benchmarks.App3_Str: void perform_task17(db.DB)>/r8 -> (2)objs: ConstantObj{java.lang.String: "y bold, pending asymptotes. quickly final accounts cajole furiously ironic deposits. express packages across the bli"} |,| ConstantObj{java.lang.String: "sual foxes above the regular, ironic deposits wake carefully busy forges. final foxes could "}
<benchmarks.App3_Str: void perform_task18(db.DB)>/$r2 -> (1)objs: ConstantObj{java.lang.String: "tions boost quickly according to the blithely pending ideas. furiously regular foxes try to use slyly fina"}