<benchmarks.App5_Str: void perform_task25(db.DB)>/r5 -> (43)objs: ConstantObj{java.lang.String: "MEDIUM POLISHED BRASS"} |,| ConstantObj{java.lang.String: "Brand#31"} |,| ConstantObj{java.lang.String: "PROMO POLISHED BRASS"} |,| ConstantObj{java.lang.String: "Brand#43"} |,| ConstantObj{java.lang.String: "STANDARD PLATED BRASS"} |,| ConstantObj{java.lang.String: "Brand#33"} |,| ConstantObj{java.lang.String: "SMALL BRUSHED TIN"} |,| ConstantObj{java.lang.String: "Brand#14"} |,| ConstantObj{java.lang.String: "STANDARD BURNISHED BRASS"} |,| ConstantObj{java.lang.String: "Brand#21"} |,| ConstantObj{java.lang.String: "SMALL PLATED NICKEL"} |,| ConstantObj{java.lang.String: "Brand#23"} |,| ConstantObj{java.lang.String: "STANDARD BRUSHED COPPER"} |,| ConstantObj{java.lang.String: "Brand#51"} |,| ConstantObj{java.lang.String: "MEDIUM PLATED STEEL"} |,| ConstantObj{java.lang.String: "Brand#52"} |,| ConstantObj{java.lang.String: "LARGE BRUSHED NICKEL"} |,| ConstantObj{java.lang.String: "Brand#53"} |,| ConstantObj{java.lang.String: "SMALL POLISHED STEEL"} |,| ConstantObj{java.lang.String: "Brand#13"} |,| ConstantObj{java.lang.String: "PROMO POLISHED STEEL"} |,| ConstantObj{java.lang.String: "Brand#44"} |,| ConstantObj{java.lang.String: "STANDARD ANODIZED NICKEL"} |,| ConstantObj{java.lang.String: "Brand#32"} |,| ConstantObj{java.lang.String: "PROMO BRUSHED COPPER"} |,| ConstantObj{java.lang.String: "Brand#22"} |,| ConstantObj{java.lang.String: "SMALL PLATED COPPER"} |,| ConstantObj{java.lang.String: "PROMO PLATED COPPER"} |,| ConstantObj{java.lang.String: "MEDIUM BRUSHED STEEL"} |,| ConstantObj{java.lang.String: "LARGE BURNISHED TIN"} |,| ConstantObj{java.lang.String: "Brand#41"} |,| ConstantObj{java.lang.String: "STANDARD POLISHED TIN"} |,| ConstantObj{java.lang.String: "LARGE ANODIZED NICKEL"} |,| ConstantObj{java.lang.String: "Brand#25"} |,| ConstantObj{java.lang.String: "ECONOMY ANODIZED STEEL"} |,| ConstantObj{java.lang.String: "Brand#11"} |,| ConstantObj{java.lang.String: "MEDIUM BRUSHED COPPER"} |,| ConstantObj{java.lang.String: "Brand#45"} |,| ConstantObj{java.lang.String: "ECONOMY BRUSHED TIN"} |,| ConstantObj{java.lang.String: "Brand#24"} |,| ConstantObj{java.lang.String: "ECONOMY POLISHED TIN"} |,| ConstantObj{java.lang.String: "LARGE ANODIZED STEEL"} |,| ConstantObj{java.lang.String: "STANDARD BRUSHED TIN"}
<benchmarks.App5_Str: void perform_task26(db.DB)>/r8 -> (5)objs: ConstantObj{java.lang.String: "cornsilk blue yellow powder lime"} |,| ConstantObj{java.lang.String: "azure peach lavender frosted orchid"} |,| ConstantObj{java.lang.String: "orchid gainsboro dim chiffon rose"} |,| ConstantObj{java.lang.String: "royal chocolate red wheat almond"} |,| ConstantObj{java.lang.String: "dim blanched sienna indian sandy"}
<benchmarks.App5_Str: void perform_task27(db.DB)>/r5 -> (17)objs: ConstantObj{java.lang.String: "Supplier#000000031"} |,| ConstantObj{java.lang.String: "Supplier#000000040"} |,| ConstantObj{java.lang.String: "Supplier#000000100"} |,| ConstantObj{java.lang.String: "Supplier#000000057"} |,| ConstantObj{java.lang.String: "Supplier#000000099"} |,| ConstantObj{java.lang.String: "Supplier#000000041"} |,| ConstantObj{java.lang.String: "Supplier#000000095"} |,| ConstantObj{java.lang.String: "Supplier#000000072"} |,| ConstantObj{java.lang.String: "Supplier#000000058"} |,| ConstantObj{java.lang.String: "Supplier#000000008"} |,| ConstantObj{java.lang.String: "Supplier#000000075"} |,| ConstantObj{java.lang.String: "Supplier#000000073"} |,| ConstantObj{java.lang.String: "Supplier#000000062"} |,| ConstantObj{java.lang.String: "Supplier#000000093"} |,| ConstantObj{java.lang.String: "Supplier#000000014"} |,| ConstantObj{java.lang.String: "Supplier#000000027"} |,| ConstantObj{java.lang.String: "Supplier#000000025"}
<benchmarks.App5_Str: void perform_task28(db.DB)>/r6 -> (11)objs: ConstantObj{java.lang.String: "Supplier#000000090"} |,| ConstantObj{java.lang.String: "Supplier#000000051"} |,| ConstantObj{java.lang.String: "Supplier#000000061"} |,| ConstantObj{java.lang.String: "Supplier#000000033"} |,| ConstantObj{java.lang.String: "Supplier#000000077"} |,| ConstantObj{java.lang.String: "Supplier#000000013"} |,| ConstantObj{java.lang.String: "Supplier#000000079"} |,| ConstantObj{java.lang.String: "Supplier#000000089"} |,| ConstantObj{java.lang.String: "Supplier#000000048"} |,| ConstantObj{java.lang.String: "Supplier#000000069"} |,| ConstantObj{java.lang.String: "Supplier#000000038"}
<benchmarks.App5_Str: void perform_task29(db.DB)>/r8 -> (1)objs: ConstantObj{java.lang.String: "F"}
<benchmarks.App5_Str: void perform_task30(db.DB)>/r8 -> (5)objs: ConstantObj{java.lang.String: " quick packages are blithely. slyly silent accounts wake qu"} |,| ConstantObj{java.lang.String: "haggle blithely. furiously express ideas haggle blithely furiously regular re"} |,| ConstantObj{java.lang.String: "ise blithely bold, regular requests. quickly unusual dep"} |,| ConstantObj{java.lang.String: "ole express, ironic requests: ir"} |,| ConstantObj{java.lang.String: "zzle. carefully enticing deposits nag furio"}
