<benchmarks.App1_Str: void perform_task1(db.DB)>/r8 -> (3)objs: ConstantObj{java.lang.String: " foxes. pending accounts at the pending, silent asymptot"} |,| ConstantObj{java.lang.String: "ggle. special, final requests are against the furiously specia"} |,| ConstantObj{java.lang.String: "sits. slyly regular warthogs cajole. regular, regular theodolites acro"}
<benchmarks.App1_Str: void perform_task2(db.DB)>/r8 -> (1)objs: NewObj{<java.sql.Date: java.lang.String toString()>[45@L172] new java.lang.String}
<benchmarks.App1_Str: void perform_task3(db.DB)>/r8 -> (5)objs: ConstantObj{java.lang.String: "Customer#000000163"} |,| ConstantObj{java.lang.String: "Customer#000000370"} |,| ConstantObj{java.lang.String: "Customer#000000644"} |,| ConstantObj{java.lang.String: "Customer#000000781"} |,| ConstantObj{java.lang.String: "Customer#000001292"}
<benchmarks.App1_Str: void perform_task4(db.DB)>/r8 -> (11)objs: ConstantObj{java.lang.String: "Customer#000000392"} |,| ConstantObj{java.lang.String: "Customer#000000557"} |,| ConstantObj{java.lang.String: "Customer#000000568"} |,| ConstantObj{java.lang.String: "Customer#000000611"} |,| ConstantObj{java.lang.String: "Customer#000000670"} |,| ConstantObj{java.lang.String: "Customer#000000845"} |,| ConstantObj{java.lang.String: "Customer#000000862"} |,| ConstantObj{java.lang.String: "Customer#000001153"} |,| ConstantObj{java.lang.String: "Customer#000001234"} |,| ConstantObj{java.lang.String: "Customer#000001249"} |,| ConstantObj{java.lang.String: "Customer#000001276"}
<benchmarks.App1_Str: void perform_task5(db.DB)>/r8 -> (25)objs: ConstantObj{java.lang.String: "Supplier#000000013"} |,| ConstantObj{java.lang.String: "Supplier#000000021"} |,| ConstantObj{java.lang.String: "Supplier#000000023"} |,| ConstantObj{java.lang.String: "Supplier#000000033"} |,| ConstantObj{java.lang.String: "Supplier#000000034"} |,| ConstantObj{java.lang.String: "Supplier#000000036"} |,| ConstantObj{java.lang.String: "Supplier#000000037"} |,| ConstantObj{java.lang.String: "Supplier#000000038"} |,| ConstantObj{java.lang.String: "Supplier#000000043"} |,| ConstantObj{java.lang.String: "Supplier#000000044"} |,| ConstantObj{java.lang.String: "Supplier#000000048"} |,| ConstantObj{java.lang.String: "Supplier#000000051"} |,| ConstantObj{java.lang.String: "Supplier#000000054"} |,| ConstantObj{java.lang.String: "Supplier#000000060"} |,| ConstantObj{java.lang.String: "Supplier#000000061"} |,| ConstantObj{java.lang.String: "Supplier#000000069"} |,| ConstantObj{java.lang.String: "Supplier#000000070"} |,| ConstantObj{java.lang.String: "Supplier#000000077"} |,| ConstantObj{java.lang.String: "Supplier#000000079"} |,| ConstantObj{java.lang.String: "Supplier#000000081"} |,| ConstantObj{java.lang.String: "Supplier#000000088"} |,| ConstantObj{java.lang.String: "Supplier#000000089"} |,| ConstantObj{java.lang.String: "Supplier#000000090"} |,| ConstantObj{java.lang.String: "Supplier#000000096"} |,| ConstantObj{java.lang.String: "Supplier#000000097"}
<benchmarks.App1_Str: void perform_task6(db.DB)>/r8 -> (18)objs: ConstantObj{java.lang.String: "Supplier#000000004"} |,| ConstantObj{java.lang.String: "Supplier#000000008"} |,| ConstantObj{java.lang.String: "Supplier#000000014"} |,| ConstantObj{java.lang.String: "Supplier#000000017"} |,| ConstantObj{java.lang.String: "Supplier#000000018"} |,| ConstantObj{java.lang.String: "Supplier#000000027"} |,| ConstantObj{java.lang.String: "Supplier#000000031"} |,| ConstantObj{java.lang.String: "Supplier#000000041"} |,| ConstantObj{java.lang.String: "Supplier#000000057"} |,| ConstantObj{java.lang.String: "Supplier#000000058"} |,| ConstantObj{java.lang.String: "Supplier#000000062"} |,| ConstantObj{java.lang.String: "Supplier#000000072"} |,| ConstantObj{java.lang.String: "Supplier#000000073"} |,| ConstantObj{java.lang.String: "Supplier#000000075"} |,| ConstantObj{java.lang.String: "Supplier#000000086"} |,| ConstantObj{java.lang.String: "Supplier#000000093"} |,| ConstantObj{java.lang.String: "Supplier#000000095"} |,| ConstantObj{java.lang.String: "Supplier#000000099"}