<benchmarks.App5: void perform_task25(db.DB)>/r5 -> (1)objs: MergedObj{<Merged string constants>}
<benchmarks.App5: void perform_task26(db.DB)>/r8 -> (5)objs: NewObj{<db.MockDB: void <init>()>[2724@L249] new db.tables.part} |,| NewObj{<db.MockDB: void <init>()>[2737@L251] new db.tables.part} |,| NewObj{<db.MockDB: void <init>()>[2782@L257] new db.tables.part} |,| NewObj{<db.MockDB: void <init>()>[2795@L259] new db.tables.part} |,| NewObj{<db.MockDB: void <init>()>[2815@L262] new db.tables.part}
<benchmarks.App5: void perform_task27(db.DB)>/r5 -> (17)objs: NewObj{<db.MockDB: void <init>()>[3390@L364] new db.tables.supplier} |,| NewObj{<db.MockDB: void <init>()>[3414@L367] new db.tables.supplier} |,| NewObj{<db.MockDB: void <init>()>[3478@L375] new db.tables.supplier} |,| NewObj{<db.MockDB: void <init>()>[3494@L377] new db.tables.supplier} |,| NewObj{<db.MockDB: void <init>()>[3510@L379] new db.tables.supplier} |,| NewObj{<db.MockDB: void <init>()>[3566@L386] new db.tables.supplier} |,| NewObj{<db.MockDB: void <init>()>[3574@L387] new db.tables.supplier} |,| NewObj{<db.MockDB: void <init>()>[3630@L394] new db.tables.supplier} |,| NewObj{<db.MockDB: void <init>()>[3638@L395] new db.tables.supplier} |,| NewObj{<db.MockDB: void <init>()>[3662@L398] new db.tables.supplier} |,| NewObj{<db.MockDB: void <init>()>[3686@L401] new db.tables.supplier} |,| NewObj{<db.MockDB: void <init>()>[3694@L402] new db.tables.supplier} |,| NewObj{<db.MockDB: void <init>()>[3702@L403] new db.tables.supplier} |,| NewObj{<db.MockDB: void <init>()>[3774@L412] new db.tables.supplier} |,| NewObj{<db.MockDB: void <init>()>[3782@L413] new db.tables.supplier} |,| NewObj{<db.MockDB: void <init>()>[3806@L416] new db.tables.supplier} |,| NewObj{<db.MockDB: void <init>()>[3814@L417] new db.tables.supplier}
<benchmarks.App5: void perform_task28(db.DB)>/r6 -> (11)objs: NewObj{<db.MockDB: void <init>()>[3526@L381] new db.tables.supplier} |,| NewObj{<db.MockDB: void <init>()>[3670@L399] new db.tables.supplier} |,| NewObj{<db.MockDB: void <init>()>[3606@L391] new db.tables.supplier} |,| NewObj{<db.MockDB: void <init>()>[3766@L411] new db.tables.supplier} |,| NewObj{<db.MockDB: void <init>()>[3718@L405] new db.tables.supplier} |,| NewObj{<db.MockDB: void <init>()>[3406@L366] new db.tables.supplier} |,| NewObj{<db.MockDB: void <init>()>[3710@L404] new db.tables.supplier} |,| NewObj{<db.MockDB: void <init>()>[3598@L390] new db.tables.supplier} |,| NewObj{<db.MockDB: void <init>()>[3654@L397] new db.tables.supplier} |,| NewObj{<db.MockDB: void <init>()>[3758@L410] new db.tables.supplier} |,| NewObj{<db.MockDB: void <init>()>[3558@L385] new db.tables.supplier}
<benchmarks.App5: void perform_task29(db.DB)>/r8 -> (1)objs: NewObj{<db.MockDB: void <init>()>[2028@L162] new db.tables.orders}
<benchmarks.App5: void perform_task30(db.DB)>/r8 -> (5)objs: NewObj{<db.MockDB: void <init>()>[2049@L164] new db.tables.orders} |,| NewObj{<db.MockDB: void <init>()>[2079@L167] new db.tables.orders} |,| NewObj{<db.MockDB: void <init>()>[2088@L168] new db.tables.orders} |,| NewObj{<db.MockDB: void <init>()>[2108@L170] new db.tables.orders} |,| NewObj{<db.MockDB: void <init>()>[2118@L171] new db.tables.orders}