<benchmarks.App1: void perform_task1(db.DB)>/r8 -> (3)objs: NewObj{<db.MockDB: void <init>()>[1987@L158] new db.tables.orders} |,| NewObj{<db.MockDB: void <init>()>[2008@L160] new db.tables.orders} |,| NewObj{<db.MockDB: void <init>()>[2028@L162] new db.tables.orders}
<benchmarks.App1: void perform_task2(db.DB)>/r8 -> (3)objs: NewObj{<db.MockDB: void <init>()>[2150@L174] new java.sql.Date} |,| NewObj{<db.MockDB: void <init>()>[2179@L177] new java.sql.Date} |,| NewObj{<db.MockDB: void <init>()>[2189@L178] new java.sql.Date}
<benchmarks.App1: void perform_task3(db.DB)>/r8 -> (5)objs: NewObj{<db.MockDB: void <init>()>[113@L30] new db.tables.customer} |,| NewObj{<db.MockDB: void <init>()>[191@L38] new db.tables.customer} |,| NewObj{<db.MockDB: void <init>()>[1@L19] new db.tables.customer} |,| NewObj{<db.MockDB: void <init>()>[33@L22] new db.tables.customer} |,| NewObj{<db.MockDB: void <init>()>[93@L28] new db.tables.customer}
<benchmarks.App1: void perform_task4(db.DB)>/r8 -> (11)objs: NewObj{<db.MockDB: void <init>()>[43@L23] new db.tables.customer} |,| NewObj{<db.MockDB: void <init>()>[63@L25] new db.tables.customer} |,| NewObj{<db.MockDB: void <init>()>[73@L26] new db.tables.customer} |,| NewObj{<db.MockDB: void <init>()>[83@L27] new db.tables.customer} |,| NewObj{<db.MockDB: void <init>()>[103@L29] new db.tables.customer} |,| NewObj{<db.MockDB: void <init>()>[132@L32] new db.tables.customer} |,| NewObj{<db.MockDB: void <init>()>[142@L33] new db.tables.customer} |,| NewObj{<db.MockDB: void <init>()>[151@L34] new db.tables.customer} |,| NewObj{<db.MockDB: void <init>()>[161@L35] new db.tables.customer} |,| NewObj{<db.MockDB: void <init>()>[171@L36] new db.tables.customer} |,| NewObj{<db.MockDB: void <init>()>[181@L37] new db.tables.customer}
<benchmarks.App1: void perform_task5(db.DB)>/r8 -> (25)objs: NewObj{<db.MockDB: void <init>()>[3406@L366] new db.tables.supplier} |,| NewObj{<db.MockDB: void <init>()>[3454@L372] new db.tables.supplier} |,| NewObj{<db.MockDB: void <init>()>[3470@L374] new db.tables.supplier} |,| NewObj{<db.MockDB: void <init>()>[3526@L381] new db.tables.supplier} |,| NewObj{<db.MockDB: void <init>()>[3534@L382] new db.tables.supplier} |,| NewObj{<db.MockDB: void <init>()>[3542@L383] new db.tables.supplier} |,| NewObj{<db.MockDB: void <init>()>[3550@L384] new db.tables.supplier} |,| NewObj{<db.MockDB: void <init>()>[3558@L385] new db.tables.supplier} |,| NewObj{<db.MockDB: void <init>()>[3582@L388] new db.tables.supplier} |,| NewObj{<db.MockDB: void <init>()>[3590@L389] new db.tables.supplier} |,| NewObj{<db.MockDB: void <init>()>[3598@L390] new db.tables.supplier} |,| NewObj{<db.MockDB: void <init>()>[3606@L391] new db.tables.supplier} |,| NewObj{<db.MockDB: void <init>()>[3614@L392] new db.tables.supplier} |,| NewObj{<db.MockDB: void <init>()>[3646@L396] new db.tables.supplier} |,| NewObj{<db.MockDB: void <init>()>[3654@L397] new db.tables.supplier} |,| NewObj{<db.MockDB: void <init>()>[3670@L399] new db.tables.supplier} |,| NewObj{<db.MockDB: void <init>()>[3678@L400] new db.tables.supplier} |,| NewObj{<db.MockDB: void <init>()>[3710@L404] new db.tables.supplier} |,| NewObj{<db.MockDB: void <init>()>[3718@L405] new db.tables.supplier} |,| NewObj{<db.MockDB: void <init>()>[3726@L406] new db.tables.supplier} |,| NewObj{<db.MockDB: void <init>()>[3750@L409] new db.tables.supplier} |,| NewObj{<db.MockDB: void <init>()>[3758@L410] new db.tables.supplier} |,| NewObj{<db.MockDB: void <init>()>[3766@L411] new db.tables.supplier} |,| NewObj{<db.MockDB: void <init>()>[3790@L414] new db.tables.supplier} |,| NewObj{<db.MockDB: void <init>()>[3798@L415] new db.tables.supplier}
<benchmarks.App1: void perform_task6(db.DB)>/r8 -> (18)objs: NewObj{<db.MockDB: void <init>()>[3366@L361] new db.tables.supplier} |,| NewObj{<db.MockDB: void <init>()>[3390@L364] new db.tables.supplier} |,| NewObj{<db.MockDB: void <init>()>[3414@L367] new db.tables.supplier} |,| NewObj{<db.MockDB: void <init>()>[3430@L369] new db.tables.supplier} |,| NewObj{<db.MockDB: void <init>()>[3438@L370] new db.tables.supplier} |,| NewObj{<db.MockDB: void <init>()>[3494@L377] new db.tables.supplier} |,| NewObj{<db.MockDB: void <init>()>[3510@L379] new db.tables.supplier} |,| NewObj{<db.MockDB: void <init>()>[3574@L387] new db.tables.supplier} |,| NewObj{<db.MockDB: void <init>()>[3630@L394] new db.tables.supplier} |,| NewObj{<db.MockDB: void <init>()>[3638@L395] new db.tables.supplier} |,| NewObj{<db.MockDB: void <init>()>[3662@L398] new db.tables.supplier} |,| NewObj{<db.MockDB: void <init>()>[3686@L401] new db.tables.supplier} |,| NewObj{<db.MockDB: void <init>()>[3694@L402] new db.tables.supplier} |,| NewObj{<db.MockDB: void <init>()>[3702@L403] new db.tables.supplier} |,| NewObj{<db.MockDB: void <init>()>[3734@L407] new db.tables.supplier} |,| NewObj{<db.MockDB: void <init>()>[3774@L412] new db.tables.supplier} |,| NewObj{<db.MockDB: void <init>()>[3782@L413] new db.tables.supplier} |,| NewObj{<db.MockDB: void <init>()>[3806@L416] new db.tables.supplier}