<benchmarks.App4_Str: void perform_task19(db.DB)>/r5 -> (1)objs: ConstantObj{java.lang.String: "seashell coral metallic midnight floral"}
<benchmarks.App4_Str: void perform_task20(db.DB)>/r8 -> (24)objs: ConstantObj{java.lang.String: "orchid gainsboro dim chiffon rose"} |,| ConstantObj{java.lang.String: "plum chartreuse sky pale firebrick"} |,| ConstantObj{java.lang.String: "blush antique goldenrod linen rosy"} |,| ConstantObj{java.lang.String: "white frosted maroon ghost yellow"} |,| ConstantObj{java.lang.String: "navy blanched slate salmon lime"} |,| ConstantObj{java.lang.String: "salmon bisque aquamarine peach moccasin"} |,| ConstantObj{java.lang.String: "dim blanched sienna indian sandy"} |,| ConstantObj{java.lang.String: "royal chocolate red wheat almond"} |,| ConstantObj{java.lang.String: "azure peach lavender frosted orchid"} |,| ConstantObj{java.lang.String: "misty red seashell ivory navy"} |,| ConstantObj{java.lang.String: "bisque almond lavender pale royal"} |,| ConstantObj{java.lang.String: "grey orchid sandy wheat midnight"} |,| ConstantObj{java.lang.String: "dim spring tan turquoise dodger"} |,| ConstantObj{java.lang.String: "papaya snow indian burnished almond"} |,| ConstantObj{java.lang.String: "dark forest antique lace metallic"} |,| ConstantObj{java.lang.String: "dark floral beige hot cornflower"} |,| ConstantObj{java.lang.String: "slate bisque black orange steel"} |,| ConstantObj{java.lang.String: "coral magenta light floral tomato"} |,| ConstantObj{java.lang.String: "chiffon bisque sienna black royal"} |,| ConstantObj{java.lang.String: "cornsilk blue yellow powder lime"} |,| ConstantObj{java.lang.String: "navy thistle chiffon pale almond"} |,| ConstantObj{java.lang.String: "coral green black chocolate mint"} |,| ConstantObj{java.lang.String: "pale drab lemon mint sienna"} |,| ConstantObj{java.lang.String: "dim orange beige plum navy"}
<benchmarks.App4_Str: void perform_task21(db.DB)>/r8 -> (7)objs: ConstantObj{java.lang.String: "y bold, pending asymptotes. quickly final accounts cajole furiously ironic deposits. express packages across the bli"} |,| ConstantObj{java.lang.String: "ular pinto beans. final ideas about the requests haggle slyly along the slyly special ideas. blithely unusua"} |,| ConstantObj{java.lang.String: "he slyly unusual theodolites cajole furiously even, ironic somas. pinto beans are slyly alongside of the spec"} |,| ConstantObj{java.lang.String: "ual braids cajole across the furiously bold requests. slyly ironic ideas integrate furiously fl"} |,| ConstantObj{java.lang.String: "nic pains across the dependencies wake carefully according to the furiously regular accounts. regular depo"} |,| ConstantObj{java.lang.String: "uickly ironic packages nag furiously express foxes. furiously even ideas print. even excuses use about the regular p"} |,| ConstantObj{java.lang.String: "sual foxes above the regular, ironic deposits wake carefully busy forges. final foxes could "}
<benchmarks.App4_Str: void perform_task22(db.DB)>/r8 -> (3)objs: ConstantObj{java.lang.String: "tions boost quickly according to the blithely pending ideas. furiously regular foxes try to use slyly fina"} |,| ConstantObj{java.lang.String: "fily ironic packages. hockey players haggle. silently regular excuses haggle carefully according to the packa"} |,| ConstantObj{java.lang.String: "rding to the blithely ironic accounts wake silent packages. furiously silent requests sleep ironic, unusual packages. carefully express deposits against the bold, bold requests wak"}
<benchmarks.App4_Str: void perform_task23(db.DB)>/r8 -> (4)objs: ConstantObj{java.lang.String: "Customer#000000163"} |,| ConstantObj{java.lang.String: "Customer#000000644"} |,| ConstantObj{java.lang.String: "Customer#000000781"} |,| ConstantObj{java.lang.String: "Customer#000001292"}
<benchmarks.App4_Str: void perform_task24(db.DB)>/r8 -> (5)objs: ConstantObj{java.lang.String: "Customer#000000286"} |,| ConstantObj{java.lang.String: "Customer#000000392"} |,| ConstantObj{java.lang.String: "Customer#000000818"} |,| ConstantObj{java.lang.String: "Customer#000000845"} |,| ConstantObj{java.lang.String: "Customer#000001234"}