<benchmarks.App3: void perform_task13(db.DB)>/r8 -> (7)objs: NewObj{<db.MockDB: void <init>()>[2217@L183] new db.tables.part} |,| NewObj{<db.MockDB: void <init>()>[2246@L186] new db.tables.part} |,| NewObj{<db.MockDB: void <init>()>[2282@L190] new db.tables.part} |,| NewObj{<db.MockDB: void <init>()>[2298@L192] new db.tables.part} |,| NewObj{<db.MockDB: void <init>()>[2340@L197] new db.tables.part} |,| NewObj{<db.MockDB: void <init>()>[2348@L198] new db.tables.part} |,| NewObj{<db.MockDB: void <init>()>[2389@L203] new db.tables.part}
<benchmarks.App3: void perform_task14(db.DB)>/r8 -> (3)objs: NewObj{<db.MockDB: void <init>()>[2532@L222] new db.tables.part} |,| NewObj{<db.MockDB: void <init>()>[2429@L208] new db.tables.part} |,| NewObj{<db.MockDB: void <init>()>[2553@L225] new db.tables.part}
<benchmarks.App3: void perform_task15(db.DB)>/r8 -> (2)objs: NewObj{<db.MockDB: void <init>()>[2766@L255] new db.tables.part} |,| NewObj{<db.MockDB: void <init>()>[2759@L254] new db.tables.part}
<benchmarks.App3: void perform_task16(db.DB)>/r8 -> (20)objs: NewObj{<db.MockDB: void <init>()>[2870@L273] new db.tables.partsupp} |,| NewObj{<db.MockDB: void <init>()>[2876@L274] new db.tables.partsupp} |,| NewObj{<db.MockDB: void <init>()>[2882@L275] new db.tables.partsupp} |,| NewObj{<db.MockDB: void <init>()>[2888@L276] new db.tables.partsupp} |,| NewObj{<db.MockDB: void <init>()>[2894@L277] new db.tables.partsupp} |,| NewObj{<db.MockDB: void <init>()>[2900@L278] new db.tables.partsupp} |,| NewObj{<db.MockDB: void <init>()>[2906@L279] new db.tables.partsupp} |,| NewObj{<db.MockDB: void <init>()>[2912@L280] new db.tables.partsupp} |,| NewObj{<db.MockDB: void <init>()>[2918@L281] new db.tables.partsupp} |,| NewObj{<db.MockDB: void <init>()>[2924@L282] new db.tables.partsupp} |,| NewObj{<db.MockDB: void <init>()>[2929@L283] new db.tables.partsupp} |,| NewObj{<db.MockDB: void <init>()>[2935@L284] new db.tables.partsupp} |,| NewObj{<db.MockDB: void <init>()>[2941@L285] new db.tables.partsupp} |,| NewObj{<db.MockDB: void <init>()>[2947@L286] new db.tables.partsupp} |,| NewObj{<db.MockDB: void <init>()>[2953@L287] new db.tables.partsupp} |,| NewObj{<db.MockDB: void <init>()>[2959@L288] new db.tables.partsupp} |,| NewObj{<db.MockDB: void <init>()>[2965@L289] new db.tables.partsupp} |,| NewObj{<db.MockDB: void <init>()>[2971@L290] new db.tables.partsupp} |,| NewObj{<db.MockDB: void <init>()>[2977@L291] new db.tables.partsupp} |,| NewObj{<db.MockDB: void <init>()>[2983@L292] new db.tables.partsupp}
<benchmarks.App3: void perform_task17(db.DB)>/r8 -> (2)objs: NewObj{<db.MockDB: void <init>()>[3036@L301] new db.tables.partsupp} |,| NewObj{<db.MockDB: void <init>()>[3174@L324] new db.tables.partsupp}
<benchmarks.App3: void perform_task18(db.DB)>/$r2 -> (1)objs: NewObj{<db.MockDB: void <init>()>[3264@L339] new db.tables.partsupp}
