<benchmarks.App2: void perform_task7(db.DB)>/r8 -> (5)objs: NewObj{<db.MockDB: void <init>()>[766@L70] new db.tables.lineitem} |,| NewObj{<db.MockDB: void <init>()>[822@L73] new db.tables.lineitem} |,| NewObj{<db.MockDB: void <init>()>[841@L74] new db.tables.lineitem} |,| NewObj{<db.MockDB: void <init>()>[804@L72] new db.tables.lineitem} |,| NewObj{<db.MockDB: void <init>()>[919@L78] new db.tables.lineitem}
<benchmarks.App2: void perform_task8(db.DB)>/r8 -> (23)objs: NewObj{<db.MockDB: void <init>()>[1099@L88] new db.tables.lineitem} |,| NewObj{<db.MockDB: void <init>()>[1118@L89] new db.tables.lineitem} |,| NewObj{<db.MockDB: void <init>()>[1137@L90] new db.tables.lineitem} |,| NewObj{<db.MockDB: void <init>()>[1155@L91] new db.tables.lineitem} |,| NewObj{<db.MockDB: void <init>()>[1173@L92] new db.tables.lineitem} |,| NewObj{<db.MockDB: void <init>()>[1189@L93] new db.tables.lineitem} |,| NewObj{<db.MockDB: void <init>()>[219@L43] new db.tables.lineitem} |,| NewObj{<db.MockDB: void <init>()>[246@L44] new db.tables.lineitem} |,| NewObj{<db.MockDB: void <init>()>[267@L45] new db.tables.lineitem} |,| NewObj{<db.MockDB: void <init>()>[972@L81] new db.tables.lineitem} |,| NewObj{<db.MockDB: void <init>()>[991@L82] new db.tables.lineitem} |,| NewObj{<db.MockDB: void <init>()>[1008@L83] new db.tables.lineitem} |,| NewObj{<db.MockDB: void <init>()>[1026@L84] new db.tables.lineitem} |,| NewObj{<db.MockDB: void <init>()>[1045@L85] new db.tables.lineitem} |,| NewObj{<db.MockDB: void <init>()>[1062@L86] new db.tables.lineitem} |,| NewObj{<db.MockDB: void <init>()>[954@L80] new db.tables.lineitem} |,| NewObj{<db.MockDB: void <init>()>[635@L63] new db.tables.lineitem} |,| NewObj{<db.MockDB: void <init>()>[576@L60] new db.tables.lineitem} |,| NewObj{<db.MockDB: void <init>()>[597@L61] new db.tables.lineitem} |,| NewObj{<db.MockDB: void <init>()>[616@L62] new db.tables.lineitem} |,| NewObj{<db.MockDB: void <init>()>[655@L64] new db.tables.lineitem} |,| NewObj{<db.MockDB: void <init>()>[672@L65] new db.tables.lineitem} |,| NewObj{<db.MockDB: void <init>()>[691@L66] new db.tables.lineitem}
<benchmarks.App2: void perform_task9(db.DB)>/r8 -> (1)objs: NewObj{<java.lang.Double: java.lang.Double valueOf(double)>[0@L519] new java.lang.Double}
<benchmarks.App2: void perform_task10(db.DB)>/$r2 -> (1)objs: NewObj{<java.lang.StringBuilder: java.lang.String toString()>[0@L407] new java.lang.String}
<benchmarks.App2: void perform_task11(db.DB)>/r8 -> (1)objs: MergedObj{<Merged string constants>}
<benchmarks.App2: void perform_task12(db.DB)>/$r2 -> (1)objs: NewObj{<db.MockDB: void <init>()>[313@L47] new db.tables.lineitem}
