<benchmarks.App4: void perform_task19(db.DB)>/r5 -> (1)objs: NewObj{<db.MockDB: void <init>()>[2227@L184] new db.tables.part}
<benchmarks.App4: void perform_task20(db.DB)>/r8 -> (24)objs: NewObj{<db.MockDB: void <init>()>[2641@L237] new db.tables.part} |,| NewObj{<db.MockDB: void <init>()>[2648@L238] new db.tables.part} |,| NewObj{<db.MockDB: void <init>()>[2655@L239] new db.tables.part} |,| NewObj{<db.MockDB: void <init>()>[2668@L241] new db.tables.part} |,| NewObj{<db.MockDB: void <init>()>[2675@L242] new db.tables.part} |,| NewObj{<db.MockDB: void <init>()>[2688@L244] new db.tables.part} |,| NewObj{<db.MockDB: void <init>()>[2697@L245] new db.tables.part} |,| NewObj{<db.MockDB: void <init>()>[2704@L246] new db.tables.part} |,| NewObj{<db.MockDB: void <init>()>[2712@L247] new db.tables.part} |,| NewObj{<db.MockDB: void <init>()>[2718@L248] new db.tables.part} |,| NewObj{<db.MockDB: void <init>()>[2724@L249] new db.tables.part} |,| NewObj{<db.MockDB: void <init>()>[2731@L250] new db.tables.part} |,| NewObj{<db.MockDB: void <init>()>[2737@L251] new db.tables.part} |,| NewObj{<db.MockDB: void <init>()>[2744@L252] new db.tables.part} |,| NewObj{<db.MockDB: void <init>()>[2751@L253] new db.tables.part} |,| NewObj{<db.MockDB: void <init>()>[2759@L254] new db.tables.part} |,| NewObj{<db.MockDB: void <init>()>[2773@L256] new db.tables.part} |,| NewObj{<db.MockDB: void <init>()>[2782@L257] new db.tables.part} |,| NewObj{<db.MockDB: void <init>()>[2789@L258] new db.tables.part} |,| NewObj{<db.MockDB: void <init>()>[2795@L259] new db.tables.part} |,| NewObj{<db.MockDB: void <init>()>[2801@L260] new db.tables.part} |,| NewObj{<db.MockDB: void <init>()>[2808@L261] new db.tables.part} |,| NewObj{<db.MockDB: void <init>()>[2815@L262] new db.tables.part} |,| NewObj{<db.MockDB: void <init>()>[2822@L263] new db.tables.part}
<benchmarks.App4: void perform_task21(db.DB)>/r8 -> (7)objs: NewObj{<db.MockDB: void <init>()>[3036@L301] new db.tables.partsupp} |,| NewObj{<db.MockDB: void <init>()>[3054@L304] new db.tables.partsupp} |,| NewObj{<db.MockDB: void <init>()>[3084@L309] new db.tables.partsupp} |,| NewObj{<db.MockDB: void <init>()>[3096@L311] new db.tables.partsupp} |,| NewObj{<db.MockDB: void <init>()>[3126@L316] new db.tables.partsupp} |,| NewObj{<db.MockDB: void <init>()>[3162@L322] new db.tables.partsupp} |,| NewObj{<db.MockDB: void <init>()>[3174@L324] new db.tables.partsupp}
<benchmarks.App4: void perform_task22(db.DB)>/r8 -> (3)objs: NewObj{<db.MockDB: void <init>()>[3204@L329] new db.tables.partsupp} |,| NewObj{<db.MockDB: void <init>()>[3234@L334] new db.tables.partsupp} |,| NewObj{<db.MockDB: void <init>()>[3264@L339] new db.tables.partsupp}
<benchmarks.App4: void perform_task23(db.DB)>/r8 -> (4)objs: NewObj{<db.MockDB: void <init>()>[113@L30] new db.tables.customer} |,| NewObj{<db.MockDB: void <init>()>[191@L38] new db.tables.customer} |,| NewObj{<db.MockDB: void <init>()>[1@L19] new db.tables.customer} |,| NewObj{<db.MockDB: void <init>()>[93@L28] new db.tables.customer}
<benchmarks.App4: void perform_task24(db.DB)>/r8 -> (5)objs: NewObj{<db.MockDB: void <init>()>[12@L20] new db.tables.customer} |,| NewObj{<db.MockDB: void <init>()>[43@L23] new db.tables.customer} |,| NewObj{<db.MockDB: void <init>()>[123@L31] new db.tables.customer} |,| NewObj{<db.MockDB: void <init>()>[132@L32] new db.tables.customer} |,| NewObj{<db.MockDB: void <init>()>[161@L35] new db.tables.customer}
