<PrimitiveStream: void primitiveBoxed()>/r20 -> (1)objs: NewObj{<java.lang.Integer$IntegerCache: void <clinit>()>[35@L805] new java.lang.Integer}
<PrimitiveStream: void primitiveBoxed()>/r9 -> (1)objs: NewObj{<java.lang.Integer$IntegerCache: void <clinit>()>[35@L805] new java.lang.Integer}
<PrimitiveStream: void primitiveToObj()>/r14 -> (1)objs: LambdaConstructedObj{alloc=<PrimitiveStream: void primitiveToObj()>[15@L51] $r2 = invokedynamic <java.lang.invoke.LambdaMetafactory: java.lang.invoke.CallSite metafactory(java.lang.invoke.MethodHandles$Lookup,java.lang.String,java.lang.invoke.MethodType,java.lang.invoke.MethodType,java.lang.invoke.MethodHandle,java.lang.invoke.MethodType)> "apply" <MethodType: java.util.function.DoubleFunction ()>[MethodType: java.lang.Object (double),MethodHandle[REF_newInvokeSpecial]: <ObjFromDouble: void <init>(java.lang.Double)>,MethodType: ObjFromDouble (double)](),type=ObjFromDouble in <PrimitiveStream: void primitiveToObj()>}
<PrimitiveStream: void primitiveToObj()>/r6 -> (1)objs: LambdaConstructedObj{alloc=<PrimitiveStream: void primitiveToObj()>[15@L51] $r2 = invokedynamic <java.lang.invoke.LambdaMetafactory: java.lang.invoke.CallSite metafactory(java.lang.invoke.MethodHandles$Lookup,java.lang.String,java.lang.invoke.MethodType,java.lang.invoke.MethodType,java.lang.invoke.MethodHandle,java.lang.invoke.MethodType)> "apply" <MethodType: java.util.function.DoubleFunction ()>[MethodType: java.lang.Object (double),MethodHandle[REF_newInvokeSpecial]: <ObjFromDouble: void <init>(java.lang.Double)>,MethodType: ObjFromDouble (double)](),type=ObjFromDouble in <PrimitiveStream: void primitiveToObj()>}
